// Bun Snapshot v1, https://bun.sh/docs/test/snapshots

exports[`GenieSplash — snapshots scene 1 (closed eyes) snapshot 1`] = `
"                                                                                                        
                                                                                                        
                                                                                                        
                                                                                                        
                                                                                                        
                                                                                                        
                                                                                                        
                                                                                                        
                                                                                                        
                                                                                                        
                                                                                                        
                                                                                                        
                                                                                                        
                                                                                                        
                                                                                                        
                                                                                                        
                                                                                                        
                                                                                                        
                                                                                                        
                                                                                                        
                                                                                                        
                                                                                                        
                                                                                                        
                                                                                                        
                                                                                                        
                                                                                                        
                                                                                                        
                                                                                                        
                                                                                                        
                                                                                                        
                                                                                                        
                                                                                                        
                                                                                                        
                                                                                                        
                                                                                                        
                                                                                                        
                                                                                                        
                                                                                                        
                                                                                                        
                                                                                                        
                                     ╰▄▄▄▄▄▄▄▄▄▄╯      ╰▄▄▄▄▄▄▄▄▄▄╯                                     
                                                                                                        
                                                                                                        
                                                                                                        
                                                                                                        
                                                                                                        
                                                                                                        
                                                                                                        
                                                                                                        
                                                                                                        
                                                                                                        
                                                                                                        
                                                                                                        
                                             ◐ awakening...                                             
                                  ░░░░░░░░░░░░░░░░░░░░░░░░░░░░░░░░░░░░"
`;

exports[`GenieSplash — snapshots scene 2 (eyes open) snapshot 1`] = `
"                                                                                                        
                                                                                                        
                                                                                                        
                                                                                                        
                                                                                                        
                                                                                                        
                                                                                                        
                                                                                                        
                                                                                                        
                                                                                                        
                                                                                                        
                                                                                                        
                                                                                                        
                                                                                                        
                                                                                                        
                                                                                                        
                                                                                                        
                                                                                                        
                                                                                                        
                                                                                                        
                                                                                                        
                                                                                                        
                                                                                                        
                                                                                                        
                                                                                                        
                                                                                                        
                                                                                                        
                                                                                                        
                                                                                                        
                                                                                                        
                                                                                                        
                                                                                                        
                                                                                                        
                                                                                                        
                                                                                                        
                                                                                                        
                                                                                                        
                                                                                                        
                                                                                                        
                                      █████████         ██████████                                      
                                     ██        ██      ██        ██                                     
                                                                                                        
                                                                                                        
                                                                                                        
                                                                                                        
                                                                                                        
                                                                                                        
                                                                                                        
                                                                                                        
                                                                                                        
                                                                                                        
                                                                                                        
                                                                                                        
                                           ◓ opening eyes...                                            
                                  █████░░░░░░░░░░░░░░░░░░░░░░░░░░░░░░░"
`;

exports[`GenieSplash — snapshots scene 3 (smile mid-reveal) snapshot 1`] = `
"                                                                                                        
                                                                                                        
                                                                                                        
                                                                                                        
                                                                                                        
                                                                                                        
                                                                                                        
                                                                                                        
                                                                                                        
                                                                                                        
                                                                                                        
                                                                                                        
                                                                                                        
                                                                                                        
                                                                                                        
                                                                                                        
                                                                                                        
                                                                                                        
                                                                                                        
                                                                                                        
                                                                                                        
                                                                                                        
                                                                                                        
                                                                                                        
                                                                                                        
                                                                                                        
                                                                                                        
                                                                                                        
                                                                                                        
                                                                                                        
                                                                                                        
                                                                                                        
                                                                                                        
                                                                                                        
                                                                                                        
                                                                                                        
                                                                                                        
                                                                                                        
                                                                                                        
                                      █████████         ██████████                                      
                                     ██        ██      ██        ██                                     
                                                                                                        
                                                                                                        
                                                               █                                        
                                                                                                        
                                          ██              █ █                                           
                                           █   ████ █   ████                                            
                                              ███  █  ██                                                
                                                                                                        
                                                                                                        
                                                                                                        
                                                                                                        
                                                                                                        
                                              ◑ rising...                                               
                                  ███████████░░░░░░░░░░░░░░░░░░░░░░░░░"
`;

exports[`GenieSplash — snapshots scene 4 (body manifesting) snapshot 1`] = `
"                                                                                                        
                                                                                                        
                                                                                                        
                                                                                                        
                                                                                                        
                                                                                                        
                                                                              ▓  ▓                      
                                                                             ▓   ▓                      
                                               ▓▓▓▓▓▓ ▓▓▓                   ▓                           
                                             ▓                 ▓                   ▓                    
                                          ▓                     ▓                                       
                                        ▓▓               ▓ ▓                      ▓▓ ▓                  
                                       ▓          ▓          ▓                    ▓                     
                                      ▓                        ▓                 ▓  ▓▓                  
                                      ▓       ▓                 ▓▓      ▓    ▓▓▓   ▓▓                   
                                              ▓                   ▓       ▓▓                            
                                      ▓                            ▓▓           ▓                       
                                       ▓                              ▓ ▓    ▓▓▓                        
                                                                         ▓▓▓                            
                                           ▓▓     ▓▓                                                    
                                                    ▓                                                   
                                                ▓▓                                                      
                                                 ▓▓   ▓                                                 
                                                     ▓                                                  
                                                 ▓   ▓ ▓                                                
                                                      ▓                                                 
                                                ▓   ▓                                                   
                                           ▓  ▓            ▓                                            
                                         ▓                                                              
                                      ▓                          ▓                                      
                                     ▓                                                                  
                         ▓ ▓                                                ▓                           
                          ▓        ▓     ▓▓▓▓▓            ▓▓▓▓▓     ▓                                   
                          ▓       ▓    ▓▓▓  ▓▓▓         ▓▓ ▓▓▓▓▓▓    ▓  ▓   ▓                           
                               ▓  ▓    ▓                         ▓     ▓▓  ▓▓                           
                           ▓     ▓                              ▓▓   ▓     ▓                            
                              ▓                                       ▓    ▓                            
                                                                           ▓                            
                           ▓                                           ▓                                
                                ▓     █████████         ██████████    ▓                                 
                            ▓   ▓    ██        ██      ██        ██   ▓   ▓                             
                                                                          ▓                             
                            ▓                                        ▓   ▓                              
                            █           █                      █     ▓ ▓    █                           
                            █    ▓▓     ██                    █      ▓                                  
                            ▓▓ ▓▓ ▓      ████             ████      ▓   ▓▓▓                             
                                   ▓▓      █████████████████                                            
                                    ▓▓        ███████████                                               
                                      ▓▓                        ▓                                       
                                        ▓▓                   ▓▓                                         
                                           ▓  ▓          ▓▓                                             
                                                     ▓▓ ▓                                               
                                                                                                        
                                     ◒ manifesting from the void...                                     
                                  ████████████████████░░░░░░░░░░░░░░░░"
`;

exports[`GenieSplash — snapshots scene 5 (held + wink) snapshot 1`] = `
"                                                                                                        
                                                                                                        
                                                                                                        
                                                                                                        
                                                                                                        
                                                                                                        
                                                                              ▓▓▓▓                      
                                                                            ▓▓  ▓▓▓▓                    
                                               ▓▓▓▓▓▓▓▓▓▓▓▓▓▓               ▓     ▓ ▓                   
                                            ▓▓               ▓▓▓                   ▓ ▓                  
                                          ▓                     ▓▓                 ▓ ▓                  
                                        ▓▓          ▓▓▓▓▓▓▓▓      ▓▓              ▓▓ ▓                  
                                       ▓         ▓▓          ▓▓    ▓▓             ▓  ▓                  
                                      ▓        ▓▓              ▓▓    ▓          ▓▓  ▓▓                  
                                      ▓       ▓                 ▓▓    ▓▓▓▓   ▓▓▓   ▓▓                   
                                      ▓       ▓                  ▓▓       ▓▓▓     ▓▓                    
                                      ▓       ▓                    ▓▓           ▓▓                      
                                       ▓       ▓                     ▓▓▓▓   ▓▓▓▓                        
                                        ▓▓       ▓                       ▓▓▓                            
                                          ▓▓▓     ▓▓                                                    
                                             ▓▓▓    ▓▓                                                  
                                                ▓▓   ▓                                                  
                                                 ▓▓  ▓▓                                                 
                                                  ▓  ▓                                                  
                                                ▓▓▓  ▓▓▓                                                
                                                ▓▓ ▓▓ ▓▓                                                
                                                ▓  ▓▓  ▓                                                
                                           ▓▓▓▓▓        ▓▓▓▓▓                                           
                                        ▓▓▓                  ▓▓                                         
                                      ▓▓                        ▓▓                                      
                                     ▓                           ▓▓                                     
                         ▓▓▓        ▓                              ▓       ▓▓ ▓                         
                          ▓  ▓    ▓▓     ▓▓▓▓▓            ▓▓▓▓▓     ▓    ▓▓  ▓                          
                          ▓▓  ▓   ▓    ▓▓▓▓▓▓▓▓▓        ▓▓▓▓▓▓▓▓▓    ▓  ▓▓  ▓                           
                           ▓   ▓ ▓▓   ▓▓▓       ▓      ▓       ▓▓▓   ▓ ▓▓  ▓▓                           
                           ▓    ▓▓    ▓▓                        ▓▓   ▓▓▓   ▓                            
                           ▓  ▓ ▓▓    ▓▓                        ▓▓    ▓  ▓ ▓                            
                           ▓   ▓                                      ▓ ▓  ▓                            
                           ▓    ▓                                      ▓   ▓                            
                           ▓▓   ▓                       ██████████    ▓    ▓                            
                            ▓   ▓▓   ╰▄▄▄▄▄▄▄▄▄▄╯      ██        ██   ▓   ▓▓                            
                             ▓                                            ▓                             
                            ▓▓▓  ▓                                   ▓  ▓▓▓▓                            
                           ██   ▓▓      █                      █     ▓▓▓   ██                           
                           ██    ▓▓     ██                   ▓█      ▓▓    ██                           
                            ▓▓▓▓▓ ▓▓     ████             ████      ▓  ▓▓▓▓                             
                                   ▓▓      █████████████████       ▓                                    
                                    ▓▓        ███████████        ▓▓                                     
                                      ▓▓                        ▓▓                                      
                                        ▓▓▓                  ▓▓▓                                        
                                           ▓▓▓▓          ▓▓▓▓                                           
                                               ▓▓▓▓▓▓▓▓▓▓                                               
                                                                                                        
                                            ✓ [5/5] all set                                             
                                  ████████████████████████████░░░░░░░░"
`;
